Archive member included to satisfy reference by file (symbol)

obj_cooja/mtype925.a(er-coap.o)
                              actuator.co (coap_init_message)
obj_cooja/mtype925.a(er-coap-engine.)
                              actuator.co (coap_init_engine)
obj_cooja/mtype925.a(er-coap-transac)
                              obj_cooja/mtype925.a(er-coap-engine.) (coap_register_as_transaction_handler)
obj_cooja/mtype925.a(er-coap-observe)
                              obj_cooja/mtype925.a(er-coap-transac) (coap_remove_observer_by_client)
obj_cooja/mtype925.a(er-coap-separat)
                              obj_cooja/res-separate.o (coap_separate_reject)
obj_cooja/mtype925.a(er-coap-res-wel)
                              obj_cooja/mtype925.a(er-coap-engine.) (res_well_known_core)
obj_cooja/mtype925.a(er-coap-block1.)
                              obj_cooja/res-b1-sep-b2.o (coap_block1_handler)
obj_cooja/mtype925.a(er-coap-observe)
                              obj_cooja/mtype925.a(er-coap-engine.) (coap_handle_notification)
obj_cooja/mtype925.a(rest-engine.o)
                              obj_cooja/mtype925.a(er-coap-engine.) (rest_activate_resource)
obj_cooja/mtype925.a(simEnvChange.o)
                              obj_cooja/mtype925.o (simDontFallAsleep)
obj_cooja/mtype925.a(cooja_mt.o)
                              obj_cooja/mtype925.o (cooja_mt_start)
obj_cooja/mtype925.a(cooja_mtarch.o)
                              obj_cooja/mtype925.a(cooja_mt.o) (cooja_mtarch_init)
obj_cooja/mtype925.a(rtimer-arch.o)
                              obj_cooja/mtype925.o (rtimer_arch_next)
obj_cooja/mtype925.a(beep.o)  obj_cooja/mtype925.o (beep_interface)
obj_cooja/mtype925.a(button-sensor.o)
                              obj_cooja/mtype925.o (button_interface)
obj_cooja/mtype925.a(leds-arch.o)
                              obj_cooja/mtype925.o (leds_interface)
obj_cooja/mtype925.a(moteid.o)
                              obj_cooja/mtype925.o (moteid_interface)
obj_cooja/mtype925.a(pir-sensor.o)
                              obj_cooja/mtype925.o (pir_interface)
obj_cooja/mtype925.a(rs232.o)
                              obj_cooja/mtype925.o (rs232_interface)
obj_cooja/mtype925.a(vib-sensor.o)
                              obj_cooja/mtype925.o (vib_interface)
obj_cooja/mtype925.a(clock.o)
                              obj_cooja/mtype925.o (clock_interface)
obj_cooja/mtype925.a(log.o)   obj_cooja/mtype925.o (simlog_interface)
obj_cooja/mtype925.a(cfs-cooja.o)
                              obj_cooja/mtype925.o (cfs_interface)
obj_cooja/mtype925.a(cooja-radio.o)
                              obj_cooja/mtype925.o (radio_interface)
obj_cooja/mtype925.a(eeprom.o)
                              obj_cooja/mtype925.o (eeprom_interface)
obj_cooja/mtype925.a(random.o)
                              obj_cooja/mtype925.a(moteid.o) (random_init)
obj_cooja/mtype925.a(sensors.o)
                              obj_cooja/mtype925.o (sensors_process)
obj_cooja/mtype925.a(autostart.o)
                              obj_cooja/mtype925.o (autostart_start)
obj_cooja/mtype925.a(ctimer.o)
                              obj_cooja/mtype925.o (ctimer_init)
obj_cooja/mtype925.a(etimer.o)
                              obj_cooja/mtype925.o (etimer_process)
obj_cooja/mtype925.a(process.o)
                              obj_cooja/mtype925.a(er-coap-engine.) (process_current)
obj_cooja/mtype925.a(rtimer.o)
                              obj_cooja/mtype925.a(rtimer-arch.o) (rtimer_run_next)
obj_cooja/mtype925.a(timer.o)
                              obj_cooja/mtype925.a(button-sensor.o) (timer_set)
obj_cooja/mtype925.a(serial-line.o)
                              obj_cooja/mtype925.a(rs232.o) (serial_line_input_byte)
obj_cooja/mtype925.a(ringbuf.o)
                              obj_cooja/mtype925.a(serial-line.o) (ringbuf_init)
obj_cooja/mtype925.a(list.o)  obj_cooja/mtype925.a(rest-engine.o) (list_init)
obj_cooja/mtype925.a(memb.o)  obj_cooja/mtype925.a(er-coap-transac) (memb_alloc)
obj_cooja/mtype925.a(uip-ds6.o)
                              obj_cooja/mtype925.o (uip_ds6_set_addr_iid)
obj_cooja/mtype925.a(uip-ds6-route.o)
                              obj_cooja/mtype925.a(uip-ds6.o) (uip_ds6_route_init)
obj_cooja/mtype925.a(uip6.o)  obj_cooja/mtype925.o (uip_lladdr)
obj_cooja/mtype925.a(uip-ds6-nbr.o)
                              obj_cooja/mtype925.a(uip-ds6.o) (uip_ds6_neighbors_init)
obj_cooja/mtype925.a(uip-nd6.o)
                              obj_cooja/mtype925.a(uip6.o) (uip_nd6_init)
obj_cooja/mtype925.a(sicslowpan.o)
                              obj_cooja/mtype925.o (sicslowpan_driver)
obj_cooja/mtype925.a(uip-packetqueue)
                              obj_cooja/mtype925.a(uip-ds6-nbr.o) (uip_packetqueue_new)
obj_cooja/mtype925.a(uip-debug.o)
                              obj_cooja/mtype925.a(uip-ds6-route.o) (uip_debug_ipaddr_print)
obj_cooja/mtype925.a(uip-udp-packet.)
                              obj_cooja/mtype925.a(er-coap.o) (uip_udp_packet_send)
[...]
Memory Configuration

Name             Origin             Length             Attributes
*default*        0x0000000000000000 0xffffffffffffffff

Linker script and memory map

LOAD /usr/lib/gcc/i686-linux-gnu/5/../../../i386-linux-gnu/crti.o
LOAD /usr/lib/gcc/i686-linux-gnu/5/crtbeginS.o
LOAD actuator.co
LOAD obj_cooja/mtype925.o
LOAD obj_cooja/res-event.o
LOAD obj_cooja/res-push.o
LOAD obj_cooja/res-battery.o
LOAD obj_cooja/res-temperature.o
LOAD obj_cooja/res-leds.o
LOAD obj_cooja/res-hello.o
LOAD obj_cooja/res-radio.o
LOAD obj_cooja/res-sht11.o
LOAD obj_cooja/res-separate.o
LOAD obj_cooja/res-sub.o
LOAD obj_cooja/res-chunks.o
LOAD obj_cooja/res-mirror.o
LOAD obj_cooja/res-light.o
LOAD obj_cooja/res-toggle.o
LOAD obj_cooja/res-b1-sep-b2.o
LOAD obj_cooja/mtype925.a
LOAD /usr/lib/gcc/i686-linux-gnu/5/libgcc.a
LOAD /usr/lib/gcc/i686-linux-gnu/5/libgcc_s.so
LOAD /usr/lib/gcc/i686-linux-gnu/5/../../../i386-linux-gnu/libc.so
START GROUP
LOAD /lib/i386-linux-gnu/libc.so.6
LOAD /usr/lib/i386-linux-gnu/libc_nonshared.a
LOAD /lib/i386-linux-gnu/ld-linux.so.2
END GROUP
LOAD /usr/lib/gcc/i686-linux-gnu/5/libgcc.a
LOAD /usr/lib/gcc/i686-linux-gnu/5/libgcc_s.so
LOAD /usr/lib/gcc/i686-linux-gnu/5/crtendS.o
LOAD /usr/lib/gcc/i686-linux-gnu/5/../../../i386-linux-gnu/crtn.o
                0x0000000000000114                . = (0x0 + SIZEOF_HEADERS)

.note.gnu.build-id
                0x0000000000000114       0x24
 *(.note.gnu.build-id)
 .note.gnu.build-id
                0x0000000000000114       0x24 /usr/lib/gcc/i686-linux-gnu/5/../../../i386-linux-gnu/crti.o

.hash
 *(.hash)

.gnu.hash       0x0000000000000138     0x139c
 *(.gnu.hash)
 .gnu.hash      0x0000000000000138     0x139c /usr/lib/gcc/i686-linux-gnu/5/../../../i386-linux-gnu/crti.o

.dynsym         0x00000000000014d4     0x2730
 *(.dynsym)
 .dynsym        0x00000000000014d4     0x2730 /usr/lib/gcc/i686-linux-gnu/5/../../../i386-linux-gnu/crti.o

.dynstr         0x0000000000003c04     0x2ab9
 *(.dynstr)
 .dynstr        0x0000000000003c04     0x2ab9 /usr/lib/gcc/i686-linux-gnu/5/../../../i386-linux-gnu/crti.o

.gnu.version    0x00000000000066be      0x4e6
 *(.gnu.version)
 .gnu.version   0x00000000000066be      0x4e6 /usr/lib/gcc/i686-linux-gnu/5/../../../i386-linux-gnu/crti.o

.gnu.version_d  0x0000000000006ba4        0x0
 *(.gnu.version_d)
 .gnu.version_d
                0x0000000000006ba4        0x0 /usr/lib/gcc/i686-linux-gnu/5/../../../i386-linux-gnu/crti.o

.gnu.version_r  0x0000000000006ba4       0x40
 *(.gnu.version_r)
 .gnu.version_r
                0x0000000000006ba4       0x40 /usr/lib/gcc/i686-linux-gnu/5/../../../i386-linux-gnu/crti.o

.rel.dyn        0x0000000000006be4     0x8830
 *(.rel.init)
 .rel.init      0x0000000000006be4        0x0 /usr/lib/gcc/i686-linux-gnu/5/../../../i386-linux-gnu/crti.o
 *(.rel.text .rel.text.* .rel.gnu.linkonce.t.*)
 .rel.text      0x0000000000006be4     0x7cf0 /usr/lib/gcc/i686-linux-gnu/5/../../../i386-linux-gnu/crti.o
 *(.rel.fini)
 .rel.fini      0x000000000000e8d4        0x0 /usr/lib/gcc/i686-linux-gnu/5/../../../i386-linux-gnu/crti.o
 *(.rel.rodata .rel.rodata.* .rel.gnu.linkonce.r.*)
 .rel.rodata    0x000000000000e8d4      0x750 /usr/lib/gcc/i686-linux-gnu/5/../../../i386-linux-gnu/crti.o
 *(.rel.data.rel.ro .rel.data.rel.ro.* .rel.gnu.linkonce.d.rel.ro.*)
 *(.rel.data .rel.data.* .rel.gnu.linkonce.d.*)
 .rel.data.rel.local
                0x000000000000f024        0x8 /usr/lib/gcc/i686-linux-gnu/5/../../../i386-linux-gnu/crti.o
 .rel.data      0x000000000000f02c      0x3b0 /usr/lib/gcc/i686-linux-gnu/5/../../../i386-linux-gnu/crti.o
 *(.rel.tdata .rel.tdata.* .rel.gnu.linkonce.td.*)
 *(.rel.tbss .rel.tbss.* .rel.gnu.linkonce.tb.*)
 *(.rel.ctors)
 *(.rel.dtors)
 *(.rel.got)
 .rel.got       0x000000000000f3dc       0x28 /usr/lib/gcc/i686-linux-gnu/5/../../../i386-linux-gnu/crti.o
 *(.rel.bss .rel.bss.* .rel.gnu.linkonce.b.*)
 *(.rel.ifunc)
 .rel.ifunc     0x000000000000f404        0x0 /usr/lib/gcc/i686-linux-gnu/5/../../../i386-linux-gnu/crti.o
 .rel.fini_array
                0x000000000000f404        0x8 /usr/lib/gcc/i686-linux-gnu/5/../../../i386-linux-gnu/crti.o
 .rel.init_array
                0x000000000000f40c        0x8 /usr/lib/gcc/i686-linux-gnu/5/../../../i386-linux-gnu/crti.o

.rel.plt        0x000000000000f414        0x0
 *(.rel.plt)
 .rel.plt       0x000000000000f414        0x0 /usr/lib/gcc/i686-linux-gnu/5/../../../i386-linux-gnu/crti.o
 *(.rel.iplt)

.init           0x000000000000f414       0x23
 *(SORT(.init))
 .init          0x000000000000f414       0x1e /usr/lib/gcc/i686-linux-gnu/5/../../../i386-linux-gnu/crti.o
                0x000000000000f414                _init
 .init          0x000000000000f432        0x5 /usr/lib/gcc/i686-linux-gnu/5/../../../i386-linux-gnu/crtn.o

.plt            0x000000000000f440       0x10
 *(.plt)
 .plt           0x000000000000f440       0x10 /usr/lib/gcc/i686-linux-gnu/5/../../../i386-linux-gnu/crti.o
 *(.iplt)

.plt.got        0x000000000000f450       0x10
 *(.plt.got)
 .plt.got       0x000000000000f450       0x10 /usr/lib/gcc/i686-linux-gnu/5/../../../i386-linux-gnu/crti.o

.text           0x000000000000f460    0x17ad1
 *(.text.unlikely .text.*_unlikely .text.unlikely.*)
 .text.unlikely
                0x000000000000f460        0x0 /usr/lib/gcc/i686-linux-gnu/5/crtbeginS.o
 *(.text.exit .text.exit.*)
 *(.text.startup .text.startup.*)
 *(.text.hot .text.hot.*)
 *(.text .stub .text.* .gnu.linkonce.t.*)
 .text          0x000000000000f460        0x0 /usr/lib/gcc/i686-linux-gnu/5/../../../i386-linux-gnu/crti.o
 .gnu.linkonce.t.__x86.get_pc_thunk.bx
                0x000000000000f460        0x4 /usr/lib/gcc/i686-linux-gnu/5/../../../i386-linux-gnu/crti.o
                0x000000000000f460                __x86.get_pc_thunk.bx
 *fill*         0x000000000000f464        0xc 
 .text          0x000000000000f470      0x11c /usr/lib/gcc/i686-linux-gnu/5/crtbeginS.o
 .text.__x86.get_pc_thunk.dx
                0x000000000000f58c        0x4 /usr/lib/gcc/i686-linux-gnu/5/crtbeginS.o
                0x000000000000f58c                __x86.get_pc_thunk.dx
 .text          0x000000000000f590      0x8c9 actuator.co
                0x000000000000f590                reg_handler
                0x000000000000f643                topic_handler
 .text          0x000000000000fe59      0x6e4 obj_cooja/mtype925.o
                0x000000000000ff9c                contiki_init
                0x0000000000010371                Java_org_contikios_cooja_corecomm_Lib2_init
                0x00000000000103a8                Java_org_contikios_cooja_corecomm_Lib2_getMemory
                0x00000000000103db                Java_org_contikios_cooja_corecomm_Lib2_setMemory
                0x000000000001043b                Java_org_contikios_cooja_corecomm_Lib2_tick
                0x000000000001052a                Java_org_contikios_cooja_corecomm_Lib2_setReferenceAddress
 .text          0x000000000001053d       0x84 obj_cooja/res-event.o
 .text          0x00000000000105c1       0xaa obj_cooja/res-push.o
 .text          0x000000000001066b        0x0 obj_cooja/res-battery.o
 .text          0x000000000001066b        0x0 obj_cooja/res-temperature.o
 .text          0x000000000001066b        0x0 obj_cooja/res-leds.o
 .text          0x000000000001066b      0x115 obj_cooja/res-hello.o
 .text          0x0000000000010780        0x0 obj_cooja/res-radio.o
 .text          0x0000000000010780        0x0 obj_cooja/res-sht11.o
 .text          0x0000000000010780      0x186 obj_cooja/res-separate.o
 .text          0x0000000000010906       0xfb obj_cooja/res-sub.o
 .text          0x0000000000010a01      0x10e obj_cooja/res-chunks.o
 .text          0x0000000000010b0f      0x72c obj_cooja/res-mirror.o
 .text          0x000000000001123b        0x0 obj_cooja/res-light.o
 .text          0x000000000001123b        0x0 obj_cooja/res-toggle.o
 .text          0x000000000001123b      0x2ca obj_cooja/res-b1-sep-b2.o
 .text          0x0000000000011505     0x1d7e obj_cooja/mtype925.a(er-coap.o)
                0x00000000000119ee                coap_init_connection
                0x0000000000011a2c                coap_get_mid
                0x0000000000011a48                coap_init_message
                0x0000000000011a97                coap_serialize_message
                0x00000000000120d1                coap_send_message
                0x000000000001214c                coap_parse_message
                0x00000000000127ab                coap_get_query_variable
                0x00000000000127ed                coap_get_post_variable
                0x0000000000012837                coap_set_status_code
                0x000000000001285c                coap_set_token
                0x00000000000128a9                coap_get_header_content_format
                0x00000000000128e3                coap_set_header_content_format
                0x0000000000012914                coap_get_header_accept
                0x000000000001294e                coap_set_header_accept
                0x000000000001297f                coap_get_header_max_age
                0x00000000000129b9                coap_set_header_max_age
                0x00000000000129e7                coap_get_header_etag
                0x0000000000012a22                coap_set_header_etag
                0x0000000000012a81                coap_get_header_if_match
                0x0000000000012abc                coap_set_header_if_match
                0x0000000000012b1b                coap_get_header_if_none_match
                0x0000000000012b35                coap_set_header_if_none_match
                0x0000000000012b51                coap_get_header_proxy_uri
                0x0000000000012b88                coap_set_header_proxy_uri
                0x0000000000012bcd                coap_get_header_uri_host
                0x0000000000012c04                coap_set_header_uri_host
                0x0000000000012c49                coap_get_header_uri_path
                0x0000000000012c80                coap_set_header_uri_path
                0x0000000000012cd5                coap_get_header_uri_query
                0x0000000000012d0c                coap_set_header_uri_query
                0x0000000000012d6a                coap_get_header_location_path
                0x0000000000012da1                coap_set_header_location_path
                0x0000000000012e42                coap_get_header_location_query
                0x0000000000012e79                coap_set_header_location_query
                0x0000000000012ece                coap_get_header_observe
                0x0000000000012f06                coap_set_header_observe
                0x0000000000012f34                coap_get_header_block2
                0x0000000000012fa3                coap_set_header_block2
                0x0000000000013025                coap_get_header_block1
                0x00000000000130a3                coap_set_header_block1
                0x0000000000013129                coap_get_header_size2
                0x0000000000013162                coap_set_header_size2
                0x0000000000013193                coap_get_header_size1
                0x00000000000131cc                coap_set_header_size1
                0x00000000000131fd                coap_get_payload
                0x0000000000013243                coap_set_payload
 .text          0x0000000000013283      0x9bd obj_cooja/mtype925.a(er-coap-engine.)
                0x0000000000013935                coap_init_engine
                0x0000000000013950                coap_set_service_callback
                0x000000000001395e                coap_get_rest_method
                0x0000000000013a1a                coap_blocking_request_callback
                0x0000000000013a44                coap_blocking_request
 .text          0x0000000000013c40      0x2ca obj_cooja/mtype925.a(er-coap-transac)
                0x0000000000013c40                coap_register_as_transaction_handler
                0x0000000000013c50                coap_new_transaction
                0x0000000000013cd0                coap_send_transaction
                0x0000000000013e09                coap_clear_transaction
                0x0000000000013e51                coap_get_transaction_by_mid
                0x0000000000013ea2                coap_check_transactions
 .text          0x0000000000013f0a      0x832 obj_cooja/mtype925.a(er-coap-observe)
                0x0000000000013ff3                coap_remove_observer
                0x0000000000014023                coap_remove_observer_by_client
                0x00000000000140a1                coap_remove_observer_by_token
                0x000000000001414a                coap_remove_observer_by_uri
                0x000000000001420e                coap_remove_observer_by_mid
                0x00000000000142a0                coap_notify_observers
                0x00000000000142b9                coap_notify_observers_sub
                0x0000000000014606                coap_observe_handler
 .text          0x000000000001473c      0x2bb obj_cooja/mtype925.a(er-coap-separat)
                0x000000000001473c                coap_separate_reject
                0x0000000000014756                coap_separate_accept
                0x0000000000014970                coap_separate_resume
 .text          0x00000000000149f7      0x2dc obj_cooja/mtype925.a(er-coap-res-wel)
                0x00000000000149f7                well_known_core_get_handler
 .text          0x0000000000014cd3      0x16d obj_cooja/mtype925.a(er-coap-block1.)
                0x0000000000014cd3                coap_block1_handler
 .text          0x0000000000014e40      0x8e1 obj_cooja/mtype925.a(er-coap-observe)
                0x0000000000014eb0                coap_obs_add_observee
                0x0000000000014f99                coap_obs_remove_observee
                0x0000000000014ff3                coap_get_obs_subject_by_token
                0x0000000000015082                coap_obs_remove_observee_by_token
                0x0000000000015159                coap_obs_remove_observee_by_url
                0x0000000000015330                coap_handle_notification
                0x000000000001550f                coap_generate_token
                0x0000000000015531                coap_obs_request_registration
 .text          0x0000000000015721      0x490 obj_cooja/mtype925.a(rest-engine.o)
                0x0000000000015721                rest_init_engine
                0x000000000001577a                rest_activate_resource
                0x00000000000157e1                rest_get_resources
                0x00000000000157eb                rest_invoke_restful_service
 .text          0x0000000000015bb1       0x65 obj_cooja/mtype925.a(simEnvChange.o)
                0x0000000000015bb1                doActionsBeforeTick
                0x0000000000015be3                doActionsAfterTick
 .text          0x0000000000015c16       0xc2 obj_cooja/mtype925.a(cooja_mt.o)
                0x0000000000015c16                cooja_mt_init
                0x0000000000015c24                cooja_mt_remove
                0x0000000000015c32                cooja_mt_start
                0x0000000000015c5c                cooja_mt_exec
                0x0000000000015c92                cooja_mt_exit
                0x0000000000015cb5                cooja_mt_yield
 .text          0x0000000000015cd8      0x114 obj_cooja/mtype925.a(cooja_mtarch.o)
                0x0000000000015cd8                cooja_mtarch_init
                0x0000000000015cde                cooja_mtarch_start
                0x0000000000015d51                cooja_sw
                0x0000000000015d74                cooja_mtarch_exec
                0x0000000000015d91                cooja_mtarch_remove
                0x0000000000015d97                cooja_mtarch_yield
                0x0000000000015da2                cooja_mtarch_pstop
                0x0000000000015da8                cooja_mtarch_pstart
                0x0000000000015dae                cooja_mtarch_stack_usage
 .text          0x0000000000015dec       0xc4 obj_cooja/mtype925.a(rtimer-arch.o)
                0x0000000000015dec                rtimer_arch_init
                0x0000000000015e10                rtimer_arch_schedule
                0x0000000000015e28                rtimer_arch_next
                0x0000000000015e32                rtimer_arch_pending
                0x0000000000015e3c                rtimer_arch_check
                0x0000000000015e6e                rtimer_arch_now
 .text          0x0000000000015eb0       0x81 obj_cooja/mtype925.a(beep.o)
                0x0000000000015eb0                beep_alarm
                0x0000000000015ebd                beep_beep
                0x0000000000015eca                beep
                0x0000000000015ed7                beep_down
                0x0000000000015ee4                beep_on
                0x0000000000015ef1                beep_off
                0x0000000000015efe                beep_spinup
                0x0000000000015f0b                beep_quick
                0x0000000000015f18                beep_long
 .text          0x0000000000015f31      0x10d obj_cooja/mtype925.a(button-sensor.o)
 .text          0x000000000001603e       0x49 obj_cooja/mtype925.a(leds-arch.o)
                0x000000000001603e                leds_arch_init
                0x000000000001604b                leds_arch_get
                0x0000000000016057                leds_arch_set
 .text          0x0000000000016087       0x35 obj_cooja/mtype925.a(moteid.o)
 .text          0x00000000000160bc       0xb7 obj_cooja/mtype925.a(pir-sensor.o)
 .text          0x0000000000016173      0x148 obj_cooja/mtype925.a(rs232.o)
                0x0000000000016173                rs232_init
                0x0000000000016179                rs232_set_speed
                0x0000000000016188                rs232_set_input
                0x0000000000016196                rs232_send
                0x00000000000161ba                rs232_print
                0x00000000000161d6                slip_arch_writeb
 .text          0x00000000000162bb       0xb7 obj_cooja/mtype925.a(vib-sensor.o)
 .text          0x0000000000016372       0x38 obj_cooja/mtype925.a(clock.o)
                0x0000000000016372                clock_init
                0x0000000000016378                clock_time
                0x0000000000016382                clock_seconds
                0x0000000000016398                clock_delay
 .text          0x00000000000163aa      0x219 obj_cooja/mtype925.a(log.o)
                0x00000000000163aa                simlog_char
                0x00000000000163ed                simlog
                0x0000000000016463                log_message
                0x0000000000016494                log_set_putchar_with_slip
                0x00000000000164a2                log_putchar
                0x000000000001651d                log_puts
                0x0000000000016545                log_printf
 .text          0x00000000000165c3      0x2b9 obj_cooja/mtype925.a(cfs-cooja.o)
                0x00000000000165c3                cfs_open
                0x000000000001662c                cfs_close
                0x0000000000016639                cfs_read
                0x00000000000166ce                cfs_write
                0x00000000000167aa                cfs_seek
                0x0000000000016832                cfs_remove
                0x0000000000016856                cfs_opendir
                0x0000000000016860                cfs_readdir
                0x000000000001686a                cfs_closedir
 .text          0x000000000001687c      0x3dc obj_cooja/mtype925.a(cooja-radio.o)
                0x00000000000168a6                radio_set_channel
                0x00000000000168b4                radio_set_txpower
                0x00000000000168cc                radio_signal_strength_last
                0x00000000000168d6                radio_signal_strength_current
                0x00000000000168e0                radio_LQI
 .text          0x0000000000016c58       0xee obj_cooja/mtype925.a(eeprom.o)
                0x0000000000016c58                eeprom_init
                0x0000000000016c5e                eeprom_read
                0x0000000000016ccc                eeprom_write
 .text          0x0000000000016d46       0x2d obj_cooja/mtype925.a(random.o)
                0x0000000000016d46                random_init
                0x0000000000016d66                random_rand
 .text          0x0000000000016d73      0x29c obj_cooja/mtype925.a(sensors.o)
                0x0000000000016dae                sensors_first
                0x0000000000016db8                sensors_next
                0x0000000000016dd2                sensors_changed
                0x0000000000016e06                sensors_find
 .text          0x000000000001700f       0x92 obj_cooja/mtype925.a(autostart.o)
                0x000000000001700f                autostart_start
                0x0000000000017059                autostart_exit
 .text          0x00000000000170a1      0x355 obj_cooja/mtype925.a(ctimer.o)
                0x00000000000171c9                ctimer_init
                0x00000000000171fc                ctimer_set
                0x0000000000017222                ctimer_set_with_process
                0x000000000001729f                ctimer_reset
                0x00000000000172f3                ctimer_restart
                0x0000000000017347                ctimer_stop
                0x0000000000017397                ctimer_expired
 .text          0x00000000000173f6      0x43f obj_cooja/mtype925.a(etimer.o)
                0x000000000001761a                etimer_request_poll
                0x00000000000176a3                etimer_set
                0x00000000000176cc                etimer_reset_with_new_interval
                0x00000000000176fb                etimer_reset
                0x0000000000017721                etimer_restart
                0x0000000000017747                etimer_adjust
                0x0000000000017764                etimer_expired
                0x0000000000017777                etimer_expiration_time
                0x0000000000017789                etimer_start_time
                0x0000000000017793                etimer_pending
                0x00000000000177a5                etimer_next_expiration_time
                0x00000000000177bf                etimer_stop
 .text          0x0000000000017835      0x4fb obj_cooja/mtype925.a(process.o)
                0x0000000000017835                process_alloc_event
                0x000000000001784a                process_start
                0x0000000000017a24                process_exit
                0x0000000000017a41                process_init
                0x0000000000017bd6                process_run
                0x0000000000017c09                process_nevents
                0x0000000000017c24                process_post
                0x0000000000017cb7                process_post_synch
                0x0000000000017cec                process_poll
                0x0000000000017d1c                process_is_running
 .text          0x0000000000017d30       0xc6 obj_cooja/mtype925.a(rtimer.o)
                0x0000000000017d30                rtimer_init
                0x0000000000017d3e                rtimer_set
                0x0000000000017d98                rtimer_run_next
 .text          0x0000000000017df6       0x9c obj_cooja/mtype925.a(timer.o)
                0x0000000000017df6                timer_set
                0x0000000000017e14                timer_reset
                0x0000000000017e2c                timer_restart
                0x0000000000017e41                timer_expired
                0x0000000000017e6e                timer_remaining
 .text          0x0000000000017e92      0x1eb obj_cooja/mtype925.a(serial-line.o)
                0x0000000000017e92                serial_line_input_byte
                0x0000000000018048                serial_line_init
 .text          0x000000000001807d      0x156 obj_cooja/mtype925.a(ringbuf.o)
                0x000000000001807d                ringbuf_init
                0x00000000000180af                ringbuf_put
                0x000000000001812d                ringbuf_get
                0x000000000001819a                ringbuf_size
                0x00000000000181ac                ringbuf_elements
 .text          0x00000000000181d3      0x24a obj_cooja/mtype925.a(list.o)
                0x00000000000181d3                list_init
                0x00000000000181e2                list_head
                0x00000000000181ec                list_copy
                0x00000000000181fc                list_tail
                0x0000000000018232                list_add
                0x000000000001827e                list_push
                0x00000000000182aa                list_chop
                0x0000000000018314                list_pop
                0x000000000001833c                list_remove
                0x00000000000183a4                list_length
                0x00000000000183d2                list_insert
                0x0000000000018406                list_item_next
 .text          0x000000000001841d      0x1b8 obj_cooja/mtype925.a(memb.o)
                0x000000000001841d                memb_init
                0x0000000000018472                memb_alloc
                0x00000000000184d7                memb_free
                0x0000000000018552                memb_inmemb
                0x0000000000018591                memb_numfree
 .text          0x00000000000185d5      0xae0 obj_cooja/mtype925.a(uip-ds6.o)
                0x00000000000185d5                uip_ds6_init
                0x0000000000018780                uip_ds6_periodic
                0x0000000000018807                uip_ds6_list_loop
                0x00000000000188ab                uip_ds6_prefix_add
                0x0000000000018957                uip_ds6_prefix_rm
                0x000000000001896a                uip_ds6_prefix_lookup
                0x00000000000189a9                uip_ds6_is_addr_onlink
                0x0000000000018a1c                uip_ds6_addr_add
                0x0000000000018b3c                uip_ds6_addr_rm
                0x0000000000018be5                uip_ds6_addr_lookup
                0x0000000000018c1e                uip_ds6_get_link_local
                0x0000000000018c9f                uip_ds6_get_global
                0x0000000000018d20                uip_ds6_maddr_add
                0x0000000000018d80                uip_ds6_maddr_rm
                0x0000000000018d93                uip_ds6_maddr_lookup
                0x0000000000018dcc                uip_ds6_aaddr_add
                0x0000000000018e2c                uip_ds6_aaddr_rm
                0x0000000000018e3f                uip_ds6_aaddr_lookup
                0x0000000000018e78                uip_ds6_select_src
                0x0000000000018fc1                uip_ds6_set_addr_iid
                0x0000000000018fec                get_match_length
                0x000000000001907d                uip_ds6_compute_reachable_time
 .text          0x00000000000190b5      0x987 obj_cooja/mtype925.a(uip-ds6-route.o)
                0x000000000001912c                uip_ds6_notification_add
                0x000000000001915e                uip_ds6_notification_rm
                0x000000000001917b                uip_ds6_route_init
                0x000000000001921a                uip_ds6_route_nexthop
                0x0000000000019249                uip_ds6_route_head
                0x0000000000019262                uip_ds6_route_next
                0x000000000001928b                uip_ds6_route_is_nexthop
                0x00000000000192cd                uip_ds6_route_num_routes
                0x00000000000192d7                uip_ds6_route_lookup
                0x000000000001939e                uip_ds6_route_add
                0x00000000000195ca                uip_ds6_route_rm
                0x0000000000019780                uip_ds6_route_rm_by_nexthop
                0x00000000000197bf                uip_ds6_defrt_add
                0x0000000000019870                uip_ds6_defrt_rm
                0x00000000000198f1                uip_ds6_defrt_lookup
                0x000000000001994b                uip_ds6_defrt_choose
                0x00000000000199c1                uip_ds6_defrt_periodic
 .text          0x0000000000019a3c     0x11b7 obj_cooja/mtype925.a(uip6.o)
                0x0000000000019aeb                uip_chksum
                0x0000000000019bcc                uip_icmp6chksum
                0x0000000000019be1                uip_udpchksum
                0x0000000000019bf6                uip_init
                0x0000000000019c3a                remove_ext_hdr
                0x0000000000019d0b                uip_udp_new
                0x000000000001a026                uip_process
                0x000000000001aaee                uip_htons
                0x000000000001ab10                uip_htonl
                0x000000000001ab4e                uip_send
 .text          0x000000000001abf3      0x2bb obj_cooja/mtype925.a(uip-ds6-nbr.o)
                0x000000000001ac10                uip_ds6_neighbors_init
                0x000000000001ac34                uip_ds6_nbr_add
                0x000000000001acb8                uip_ds6_nbr_rm
                0x000000000001ad01                uip_ds6_nbr_get_ipaddr
                0x000000000001ad16                uip_ds6_nbr_get_ll
                0x000000000001ad32                uip_ds6_nbr_num
                0x000000000001ad7b                uip_ds6_nbr_lookup
                0x000000000001adde                uip_ds6_nbr_ll_lookup
                0x000000000001adfa                uip_ds6_nbr_ipaddr_from_lladdr
                0x000000000001ae23                uip_ds6_nbr_lladdr_from_ipaddr
                0x000000000001ae57                uip_ds6_link_neighbor_callback
 .text          0x000000000001aeae      0x355 obj_cooja/mtype925.a(uip-nd6.o)
                0x000000000001aefb                uip_nd6_ns_output
                0x000000000001b1fd                uip_nd6_init
 .text          0x000000000001b203     0x2549 obj_cooja/mtype925.a(sicslowpan.o)
                0x000000000001b793                rime_sniffer_add
                0x000000000001b7a1                rime_sniffer_remove
                0x000000000001d6e6                sicslowpan_init
                0x000000000001d742                sicslowpan_get_last_rssi
 .text          0x000000000001d74c      0x146 obj_cooja/mtype925.a(uip-packetqueue)
                0x000000000001d77a                uip_packetqueue_new
                0x000000000001d789                uip_packetqueue_alloc
                0x000000000001d7e4                uip_packetqueue_free
                0x000000000001d82b                uip_packetqueue_buf
                0x000000000001d848                uip_packetqueue_buflen
                0x000000000001d869                uip_packetqueue_set_buflen
 .text          0x000000000001d892      0x160 obj_cooja/mtype925.a(uip-debug.o)
                0x000000000001d892                uip_debug_ipaddr_print
 .text          0x000000000001d9f2      0x128 obj_cooja/mtype925.a(uip-udp-packet.)
                0x000000000001d9f2                uip_udp_packet_send
                0x000000000001da4d                uip_udp_packet_sendto
 .text          0x000000000001db1a      0x6b2 obj_cooja/mtype925.a(tcpip.o)
                0x000000000001db1a                tcpip_output
                0x000000000001db4b                tcpip_set_outputfunc
                0x000000000001db97                udp_attach
                0x000000000001dbbd                udp_new
                0x000000000001dc0f                udp_broadcast_new
                0x000000000001dd81                tcpip_input
                0x000000000001ddae                tcpip_ipv6_output
                0x000000000001e0c8                tcpip_poll_udp
                0x000000000001e0e6                tcpip_uipcall
 .text          0x000000000001e1cc     0x2410 obj_cooja/mtype925.a(rpl-dag.o)
                0x000000000001e1cc                rpl_print_neighbor_list
                0x000000000001e3a1                rpl_get_nbr
                0x000000000001e3f2                rpl_dag_init
                0x000000000001e411                rpl_get_parent
                0x000000000001e433                rpl_get_parent_rank
                0x000000000001e466                rpl_get_parent_link_metric
                0x000000000001e4c0                rpl_rank_via_parent
                0x000000000001e51a                rpl_get_parent_lladdr
                0x000000000001e536                rpl_get_parent_ipaddr
                0x000000000001e55d                rpl_get_parent_link_stats
                0x000000000001e584                rpl_parent_is_fresh
                0x000000000001e5ab                rpl_parent_is_reachable
                0x000000000001e8ed                rpl_set_root
                0x000000000001eb45                rpl_repair_root
                0x000000000001ed6f                rpl_set_prefix
                0x000000000001ee5f                rpl_set_default_route
                0x000000000001eec1                rpl_alloc_instance
                0x000000000001ef45                rpl_alloc_dag
                0x000000000001eff5                rpl_set_default_instance
                0x000000000001f003                rpl_get_default_instance
                0x000000000001f00d                rpl_free_instance
                0x000000000001f0c8                rpl_free_dag
                0x000000000001f145                rpl_add_parent
                0x000000000001f1ee                rpl_find_parent
                0x000000000001f24c                rpl_find_parent_any_dag
                0x000000000001f28b                rpl_select_dag
                0x000000000001f667                rpl_select_parent
                0x000000000001f742                rpl_remove_parent
                0x000000000001f76d                rpl_nullify_parent
                0x000000000001f81d                rpl_move_parent
                0x000000000001f8ce                rpl_has_downward_route
                0x000000000001f91f                rpl_get_dag
                0x000000000001fa05                rpl_get_any_dag
                0x000000000001fa64                rpl_get_instance
                0x000000000001fac5                rpl_find_of
                0x000000000001fb02                rpl_join_instance
                0x000000000001fef4                rpl_local_repair
                0x000000000001ffa7                rpl_recalculate_ranks
                0x0000000000020032                rpl_process_parent_event
                0x0000000000020165                rpl_process_dio
 .text          0x00000000000205dc      0x82a obj_cooja/mtype925.a(rpl-timers.o)
                0x000000000002080b                rpl_reset_periodic_timer
                0x0000000000020856                rpl_reset_dio_timer
                0x0000000000020a6d                rpl_schedule_dao
                0x0000000000020a89                rpl_schedule_dao_immediately
                0x0000000000020aa2                rpl_cancel_dao
                0x0000000000020b11                rpl_schedule_unicast_dio_immediately
                0x0000000000020b35                get_probing_delay
                0x0000000000020bb4                get_probing_target
                0x0000000000020dd1                rpl_schedule_probing
 .text          0x0000000000020e06      0x9cc obj_cooja/mtype925.a(rpl-ext-header.)
                0x0000000000020e23                rpl_verify_hbh_header
                0x00000000000215b4                rpl_remove_header
                0x0000000000021716                rpl_update_header
 .text          0x00000000000217d2      0x54d obj_cooja/mtype925.a(rpl.o)
                0x00000000000217d2                rpl_get_mode
                0x00000000000217dc                rpl_set_mode
                0x0000000000021870                rpl_purge_routes
                0x000000000002196b                rpl_remove_routes
                0x00000000000219b8                rpl_remove_routes_by_nexthop
                0x0000000000021a1a                rpl_add_route
                0x0000000000021a8b                rpl_link_neighbor_callback
                0x0000000000021b53                rpl_ipv6_neighbor_callback
                0x0000000000021bc0                rpl_purge_dags
                0x0000000000021ca2                rpl_init
 .text          0x0000000000021d1f      0x312 obj_cooja/mtype925.a(rpl-mrhof.o)
 .text          0x0000000000022031     0x1a93 obj_cooja/mtype925.a(rpl-icmp6.o)
                0x00000000000222a8                rpl_icmp6_update_nbr_table
                0x0000000000022383                dis_output
                0x0000000000022a1d                dio_output
                0x00000000000236be                dao_output
                0x0000000000023779                dao_output_target
                0x0000000000023a66                dao_ack_output
                0x0000000000023a7b                rpl_icmp6_register_handlers
 .text          0x0000000000023ac4      0x2e4 obj_cooja/mtype925.a(queuebuf.o)
                0x0000000000023ace                queuebuf_init
                0x0000000000023af7                queuebuf_numfree
                0x0000000000023b0f                queuebuf_new_from_packetbuf
                0x0000000000023bae                queuebuf_update_attr_from_packetbuf
                0x0000000000023be3                queuebuf_update_from_packetbuf
                0x0000000000023c33                queuebuf_free
                0x0000000000023c7c                queuebuf_to_packetbuf
                0x0000000000023ce8                queuebuf_dataptr
                0x0000000000023d22                queuebuf_datalen
                0x0000000000023d45                queuebuf_addr
                0x0000000000023d77                queuebuf_attr
                0x0000000000023da2                queuebuf_debug_print
 .text          0x0000000000023da8      0x7c7 obj_cooja/mtype925.a(nbr-table.o)
                0x0000000000024221                nbr_table_register
                0x0000000000024269                nbr_table_head
                0x00000000000242c4                nbr_table_next
                0x0000000000024325                nbr_table_add_lladdr
                0x00000000000243ef                nbr_table_get_from_lladdr
                0x000000000002443b                nbr_table_remove
                0x0000000000024473                nbr_table_lock
                0x000000000002448d                nbr_table_unlock
                0x00000000000244a7                nbr_table_get_lladdr
                0x00000000000244d3                nbr_table_update_lladdr
 .text          0x000000000002456f      0x3df obj_cooja/mtype925.a(packetbuf.o)
                0x000000000002456f                packetbuf_clear
                0x000000000002459a                packetbuf_copyfrom
                0x00000000000245e9                packetbuf_compact
                0x0000000000024666                packetbuf_copyto
                0x00000000000246f9                packetbuf_hdralloc
                0x0000000000024775                packetbuf_hdrreduce
                0x00000000000247bb                packetbuf_set_datalen
                0x00000000000247d5                packetbuf_dataptr
                0x00000000000247f2                packetbuf_hdrptr
                0x00000000000247fc                packetbuf_datalen
                0x0000000000024808                packetbuf_hdrlen
                0x000000000002481f                packetbuf_totlen
                0x0000000000024835                packetbuf_attr_clear
                0x0000000000024881                packetbuf_attr_copyto
                0x00000000000248d9                packetbuf_attr_copyfrom
                0x0000000000024931                packetbuf_holds_broadcast
 .text          0x000000000002494e       0x2c obj_cooja/mtype925.a(netstack.o)
                0x000000000002494e                netstack_init
 .text          0x000000000002497a       0x4f obj_cooja/mtype925.a(linkaddr.o)
                0x000000000002497a                linkaddr_copy
                0x0000000000024990                linkaddr_cmp
                0x00000000000249b3                linkaddr_set_node_addr
 .text          0x00000000000249c9      0x326 obj_cooja/mtype925.a(link-stats.o)
                0x00000000000249e3                link_stats_from_lladdr
                0x00000000000249ff                link_stats_is_fresh
                0x0000000000024a3c                guess_etx_from_rssi
                0x0000000000024ab8                link_stats_packet_sent
                0x0000000000024bbe                link_stats_input_callback
                0x0000000000024cba                link_stats_init
 .text          0x0000000000024cef       0x63 obj_cooja/mtype925.a(nullmac.o)
 .text          0x0000000000024d52      0x3e3 obj_cooja/mtype925.a(framer-802154.o)
 .text          0x0000000000025135      0x434 obj_cooja/mtype925.a(nullrdc.o)
 .text          0x0000000000025569       0x68 obj_cooja/mtype925.a(nullsec.o)
 .text          0x00000000000255d1       0x1e obj_cooja/mtype925.a(watchdog.o)
                0x00000000000255d1                watchdog_init
                0x00000000000255d7                watchdog_start
                0x00000000000255dd                watchdog_periodic
                0x00000000000255e3                watchdog_stop
                0x00000000000255e9                watchdog_reboot
 .text          0x00000000000255ef        0x0 obj_cooja/mtype925.a(rimestats.o)
 .text          0x00000000000255ef       0xb2 obj_cooja/mtype925.a(stimer.o)
                0x00000000000255ef                stimer_set
                0x000000000002560d                stimer_reset
                0x0000000000025625                stimer_restart
                0x000000000002563a                stimer_expired
                0x0000000000025665                stimer_remaining
                0x0000000000025689                stimer_elapsed
 .text          0x00000000000256a1      0x953 obj_cooja/mtype925.a(uip-icmp6.o)
                0x0000000000025716                uip_icmp6_input
                0x000000000002576d                uip_icmp6_register_input_handler
                0x0000000000025979                uip_icmp6_error_output
                0x0000000000025cc2                uip_icmp6_send
                0x0000000000025f7c                uip_icmp6_echo_reply_callback_add
                0x0000000000025fae                uip_icmp6_echo_reply_callback_rm
                0x0000000000025fcb                uip_icmp6_init
 .text          0x0000000000025ff4      0x326 obj_cooja/mtype925.a(rpl-nbr-policy.)
                0x00000000000261cb                find_removable_dis
                0x00000000000261f0                find_removable_dio
                0x000000000002626f                find_removable_dao
                0x00000000000262bc                rpl_nbr_policy_find_removable
 .text          0x000000000002631a      0x1bb obj_cooja/mtype925.a(mac-sequence.o)
                0x0000000000026351                mac_sequence_is_duplicate
                0x00000000000263f1                mac_sequence_register_seqno
 .text          0x00000000000264d5      0xa24 obj_cooja/mtype925.a(frame802154.o)
                0x0000000000026506                frame802154_get_pan_id
                0x0000000000026512                frame802154_set_pan_id
                0x000000000002652c                frame802154_has_panid
                0x000000000002660d                frame802154_check_dest_panid
                0x000000000002668e                frame802154_is_broadcast_addr
                0x00000000000266db                frame802154_extract_linkaddr
                0x0000000000026940                frame802154_hdrlen
                0x00000000000269b3                frame802154_create
                0x0000000000026bc6                frame802154_parse
 .text          0x0000000000026ef9       0x38 obj_cooja/mtype925.a(mac.o)
                0x0000000000026ef9                mac_call_sent_callback
 .text          0x0000000000026f31        0x0 /usr/lib/gcc/i686-linux-gnu/5/crtendS.o
 .text          0x0000000000026f31        0x0 /usr/lib/gcc/i686-linux-gnu/5/../../../i386-linux-gnu/crtn.o
 *(.gnu.warning)

.fini           0x0000000000026f34       0x14
 *(SORT(.fini))
 .fini          0x0000000000026f34        0xf /usr/lib/gcc/i686-linux-gnu/5/../../../i386-linux-gnu/crti.o
                0x0000000000026f34                _fini
 .fini          0x0000000000026f43        0x5 /usr/lib/gcc/i686-linux-gnu/5/../../../i386-linux-gnu/crtn.o
                [!provide]                        PROVIDE (__etext, .)
                [!provide]                        PROVIDE (_etext, .)
                [!provide]                        PROVIDE (etext, .)

.rodata         0x0000000000026f60      0xf78
 *(.rodata .rodata.* .gnu.linkonce.r.*)
 .rodata        0x0000000000026f60      0x1c9 actuator.co
                0x0000000000026f68                autostart_processes
 *fill*         0x0000000000027129        0x3 
 .rodata        0x000000000002712c      0x133 obj_cooja/mtype925.o
 .rodata        0x000000000002725f       0x21 obj_cooja/res-event.o
 .rodata        0x0000000000027280       0x2e obj_cooja/res-push.o
 *fill*         0x00000000000272ae        0x2 
 .rodata        0x00000000000272b0       0x6d obj_cooja/res-hello.o
 .rodata        0x000000000002731d       0x16 obj_cooja/res-separate.o
 *fill*         0x0000000000027333        0x1 
 .rodata        0x0000000000027334       0x42 obj_cooja/res-sub.o
 *fill*         0x0000000000027376        0x2 
 .rodata        0x0000000000027378       0x37 obj_cooja/res-chunks.o
 *fill*         0x00000000000273af        0x1 
 .rodata        0x00000000000273b0       0xc9 obj_cooja/res-mirror.o
 *fill*         0x0000000000027479        0x3 
 .rodata        0x000000000002747c       0x40 obj_cooja/res-b1-sep-b2.o
 .rodata        0x00000000000274bc      0x1ac obj_cooja/mtype925.a(er-coap.o)
 *fill*         0x0000000000027668       0x18 
 .rodata        0x0000000000027680      0x18c obj_cooja/mtype925.a(er-coap-engine.)
                0x0000000000027700                coap_rest_implementation
 .rodata        0x000000000002780c       0x11 obj_cooja/mtype925.a(er-coap-observe)
 .rodata        0x000000000002781d        0xd obj_cooja/mtype925.a(er-coap-separat)
 .rodata        0x000000000002782a       0x19 obj_cooja/mtype925.a(er-coap-res-wel)
 .rodata        0x0000000000027843       0x19 obj_cooja/mtype925.a(er-coap-block1.)
 .rodata        0x000000000002785c      0x266 obj_cooja/mtype925.a(er-coap-observe)
 .rodata        0x0000000000027ac2        0xc obj_cooja/mtype925.a(rest-engine.o)
 *fill*         0x0000000000027ace        0x2 
 .rodata        0x0000000000027ad0        0x8 obj_cooja/mtype925.a(beep.o)
                0x0000000000027ad0                beep_interface
 .rodata        0x0000000000027ad8       0x20 obj_cooja/mtype925.a(button-sensor.o)
                0x0000000000027ad8                button_interface
                0x0000000000027ae8                button_sensor
 .rodata        0x0000000000027af8        0x8 obj_cooja/mtype925.a(leds-arch.o)
                0x0000000000027af8                leds_interface
 .rodata        0x0000000000027b00        0x8 obj_cooja/mtype925.a(moteid.o)
                0x0000000000027b00                moteid_interface
 .rodata        0x0000000000027b08       0x1c obj_cooja/mtype925.a(pir-sensor.o)
                0x0000000000027b08                pir_interface
                0x0000000000027b14                pir_sensor
 .rodata        0x0000000000027b24        0xe obj_cooja/mtype925.a(rs232.o)
                0x0000000000027b24                rs232_interface
 *fill*         0x0000000000027b32        0x2 
 .rodata        0x0000000000027b34       0x24 obj_cooja/mtype925.a(vib-sensor.o)
                0x0000000000027b34                vib_interface
                0x0000000000027b48                vib_sensor
 .rodata        0x0000000000027b58        0x8 obj_cooja/mtype925.a(clock.o)
                0x0000000000027b58                clock_interface
 .rodata        0x0000000000027b60        0x8 obj_cooja/mtype925.a(log.o)
                0x0000000000027b60                simlog_interface
 .rodata        0x0000000000027b68       0x2f obj_cooja/mtype925.a(cfs-cooja.o)
                0x0000000000027b68                cfs_interface
 *fill*         0x0000000000027b97        0x9 
 .rodata        0x0000000000027ba0       0x58 obj_cooja/mtype925.a(cooja-radio.o)
                0x0000000000027ba0                radio_interface
                0x0000000000027bc0                cooja_radio_driver
 .rodata        0x0000000000027bf8        0x8 obj_cooja/mtype925.a(eeprom.o)
                0x0000000000027bf8                eeprom_interface
 .rodata        0x0000000000027c00        0x8 obj_cooja/mtype925.a(sensors.o)
 .rodata        0x0000000000027c08        0xf obj_cooja/mtype925.a(ctimer.o)
 .rodata        0x0000000000027c17        0xc obj_cooja/mtype925.a(etimer.o)
 .rodata        0x0000000000027c23        0xe obj_cooja/mtype925.a(serial-line.o)
 *fill*         0x0000000000027c31        0x3 
 .rodata        0x0000000000027c34       0xf4 obj_cooja/mtype925.a(uip6.o)
 .rodata        0x0000000000027d28       0x2c obj_cooja/mtype925.a(sicslowpan.o)
                0x0000000000027d28                unc_llconf
                0x0000000000027d2c                unc_ctxconf
                0x0000000000027d30                unc_mxconf
                0x0000000000027d34                llprefix
                0x0000000000027d48                sicslowpan_driver
 .rodata        0x0000000000027d54       0x2a obj_cooja/mtype925.a(uip-debug.o)
 .rodata        0x0000000000027d7e       0x29 obj_cooja/mtype925.a(tcpip.o)
 *fill*         0x0000000000027da7        0x1 
 .rodata        0x0000000000027da8       0x89 obj_cooja/mtype925.a(rpl-dag.o)
 *fill*         0x0000000000027e31        0x3 
 .rodata        0x0000000000027e34        0x8 obj_cooja/mtype925.a(linkaddr.o)
                0x0000000000027e34                linkaddr_null
 .rodata        0x0000000000027e3c       0x24 obj_cooja/mtype925.a(nullmac.o)
                0x0000000000027e44                nullmac_driver
 .rodata        0x0000000000027e60        0xc obj_cooja/mtype925.a(framer-802154.o)
                0x0000000000027e60                framer_802154
 *fill*         0x0000000000027e6c       0x14 
 .rodata        0x0000000000027e80       0x40 obj_cooja/mtype925.a(nullrdc.o)
                0x0000000000027ea0                nullrdc_driver
 .rodata        0x0000000000027ec0       0x18 obj_cooja/mtype925.a(nullsec.o)
                0x0000000000027ec8                nullsec_driver

.rodata1
 *(.rodata1)

.eh_frame_hdr   0x0000000000027ed8     0x15c4
 *(.eh_frame_hdr)
 .eh_frame_hdr  0x0000000000027ed8     0x15c4 actuator.co
                0x0000000000027ed8                __GNU_EH_FRAME_HDR
 *(.eh_frame_entry .eh_frame_entry.*)

.eh_frame       0x000000000002949c     0x583c
 *(.eh_frame)
 .eh_frame      0x000000000002949c       0x3c /usr/lib/gcc/i686-linux-gnu/5/../../../i386-linux-gnu/crti.o
                                         0x40 (size before relaxing)
 .eh_frame      0x00000000000294d8       0xa0 actuator.co
                                         0xb8 (size before relaxing)
 .eh_frame      0x0000000000029578      0x148 obj_cooja/mtype925.o
                                        0x160 (size before relaxing)
 .eh_frame      0x00000000000296c0       0x44 obj_cooja/res-event.o
                                         0x5c (size before relaxing)
 .eh_frame      0x0000000000029704       0x44 obj_cooja/res-push.o
                                         0x5c (size before relaxing)
 .eh_frame      0x0000000000029748       0x20 obj_cooja/res-hello.o
                                         0x38 (size before relaxing)
 .eh_frame      0x0000000000029768       0x40 obj_cooja/res-separate.o
                                         0x58 (size before relaxing)
 .eh_frame      0x00000000000297a8       0x24 obj_cooja/res-sub.o
                                         0x3c (size before relaxing)
 .eh_frame      0x00000000000297cc       0x24 obj_cooja/res-chunks.o
                                         0x3c (size before relaxing)
 .eh_frame      0x00000000000297f0       0x30 obj_cooja/res-mirror.o
                                         0x48 (size before relaxing)
 .eh_frame      0x0000000000029820       0x20 obj_cooja/res-b1-sep-b2.o
                                         0x38 (size before relaxing)
 .eh_frame      0x0000000000029840      0x6d0 obj_cooja/mtype925.a(er-coap.o)
                                        0x6e8 (size before relaxing)
 .eh_frame      0x0000000000029f10       0xe8 obj_cooja/mtype925.a(er-coap-engine.)
                                        0x100 (size before relaxing)
 .eh_frame      0x0000000000029ff8       0xc4 obj_cooja/mtype925.a(er-coap-transac)
                                         0xdc (size before relaxing)
 .eh_frame      0x000000000002a0bc      0x13c obj_cooja/mtype925.a(er-coap-observe)
                                        0x154 (size before relaxing)
 .eh_frame      0x000000000002a1f8       0x64 obj_cooja/mtype925.a(er-coap-separat)
                                         0x7c (size before relaxing)
 .eh_frame      0x000000000002a25c       0x24 obj_cooja/mtype925.a(er-coap-res-wel)
                                         0x3c (size before relaxing)
 .eh_frame      0x000000000002a280       0x24 obj_cooja/mtype925.a(er-coap-block1.)
                                         0x3c (size before relaxing)
 .eh_frame      0x000000000002a2a4      0x1a0 obj_cooja/mtype925.a(er-coap-observe)
                                        0x1b8 (size before relaxing)
 .eh_frame      0x000000000002a444       0xa0 obj_cooja/mtype925.a(rest-engine.o)
                                         0xb8 (size before relaxing)
 .eh_frame      0x000000000002a4e4       0x40 obj_cooja/mtype925.a(simEnvChange.o)
                                         0x58 (size before relaxing)
 .eh_frame      0x000000000002a524       0xc0 obj_cooja/mtype925.a(cooja_mt.o)
                                         0xd8 (size before relaxing)
 .eh_frame      0x000000000002a5e4      0x120 obj_cooja/mtype925.a(cooja_mtarch.o)
                                        0x138 (size before relaxing)
 .eh_frame      0x000000000002a704       0xc0 obj_cooja/mtype925.a(rtimer-arch.o)
                                         0xd8 (size before relaxing)
 .eh_frame      0x000000000002a7c4      0x160 obj_cooja/mtype925.a(beep.o)
                                        0x178 (size before relaxing)
 .eh_frame      0x000000000002a924       0xa0 obj_cooja/mtype925.a(button-sensor.o)
                                         0xb8 (size before relaxing)
 .eh_frame      0x000000000002a9c4       0xa0 obj_cooja/mtype925.a(leds-arch.o)
                                         0xb8 (size before relaxing)
 .eh_frame      0x000000000002aa64       0x40 obj_cooja/mtype925.a(moteid.o)
                                         0x58 (size before relaxing)
 .eh_frame      0x000000000002aaa4       0xa0 obj_cooja/mtype925.a(pir-sensor.o)
                                         0xb8 (size before relaxing)
 .eh_frame      0x000000000002ab44      0x100 obj_cooja/mtype925.a(rs232.o)
                                        0x118 (size before relaxing)
 .eh_frame      0x000000000002ac44       0xa0 obj_cooja/mtype925.a(vib-sensor.o)
                                         0xb8 (size before relaxing)
 .eh_frame      0x000000000002ace4       0xc0 obj_cooja/mtype925.a(clock.o)
                                         0xd8 (size before relaxing)
 .eh_frame      0x000000000002ada4      0x120 obj_cooja/mtype925.a(log.o)
                                        0x138 (size before relaxing)
 .eh_frame      0x000000000002aec4      0x160 obj_cooja/mtype925.a(cfs-cooja.o)
                                        0x178 (size before relaxing)
 .eh_frame      0x000000000002b024      0x2e0 obj_cooja/mtype925.a(cooja-radio.o)
                                        0x2f8 (size before relaxing)
 .eh_frame      0x000000000002b304       0xa0 obj_cooja/mtype925.a(eeprom.o)
                                         0xb8 (size before relaxing)
 .eh_frame      0x000000000002b3a4       0x40 obj_cooja/mtype925.a(random.o)
                                         0x58 (size before relaxing)
 .eh_frame      0x000000000002b3e4       0xc0 obj_cooja/mtype925.a(sensors.o)
                                         0xd8 (size before relaxing)
 .eh_frame      0x000000000002b4a4       0x40 obj_cooja/mtype925.a(autostart.o)
                                         0x58 (size before relaxing)
 .eh_frame      0x000000000002b4e4      0x100 obj_cooja/mtype925.a(ctimer.o)
                                        0x118 (size before relaxing)
 .eh_frame      0x000000000002b5e4      0x1e0 obj_cooja/mtype925.a(etimer.o)
                                        0x1f8 (size before relaxing)
 .eh_frame      0x000000000002b7c4      0x1c4 obj_cooja/mtype925.a(process.o)
                                        0x1dc (size before relaxing)
 .eh_frame      0x000000000002b988       0x60 obj_cooja/mtype925.a(rtimer.o)
                                         0x78 (size before relaxing)
 .eh_frame      0x000000000002b9e8       0xa4 obj_cooja/mtype925.a(timer.o)
                                         0xbc (size before relaxing)
 .eh_frame      0x000000000002ba8c       0x60 obj_cooja/mtype925.a(serial-line.o)
                                         0x78 (size before relaxing)
 .eh_frame      0x000000000002baec       0xa0 obj_cooja/mtype925.a(ringbuf.o)
                                         0xb8 (size before relaxing)
 .eh_frame      0x000000000002bb8c      0x180 obj_cooja/mtype925.a(list.o)
                                        0x198 (size before relaxing)
 .eh_frame      0x000000000002bd0c       0xa0 obj_cooja/mtype925.a(memb.o)
                                         0xb8 (size before relaxing)
 .eh_frame      0x000000000002bdac      0x2c8 obj_cooja/mtype925.a(uip-ds6.o)
                                        0x2e0 (size before relaxing)
 .eh_frame      0x000000000002c074      0x2a0 obj_cooja/mtype925.a(uip-ds6-route.o)
                                        0x2b8 (size before relaxing)
 .eh_frame      0x000000000002c314      0x1a8 obj_cooja/mtype925.a(uip6.o)
                                        0x1c0 (size before relaxing)
 .eh_frame      0x000000000002c4bc      0x180 obj_cooja/mtype925.a(uip-ds6-nbr.o)
                                        0x198 (size before relaxing)
 .eh_frame      0x000000000002c63c       0x64 obj_cooja/mtype925.a(uip-nd6.o)
                                         0x7c (size before relaxing)
 .eh_frame      0x000000000002c6a0      0x334 obj_cooja/mtype925.a(sicslowpan.o)
                                        0x34c (size before relaxing)
 .eh_frame      0x000000000002c9d4       0xe0 obj_cooja/mtype925.a(uip-packetqueue)
                                         0xf8 (size before relaxing)
 .eh_frame      0x000000000002cab4       0x24 obj_cooja/mtype925.a(uip-debug.o)
                                         0x3c (size before relaxing)
 .eh_frame      0x000000000002cad8       0x40 obj_cooja/mtype925.a(uip-udp-packet.)
                                         0x58 (size before relaxing)
 .eh_frame      0x000000000002cb18      0x1a4 obj_cooja/mtype925.a(tcpip.o)
                                        0x1bc (size before relaxing)
 .eh_frame      0x000000000002ccbc      0x6fc obj_cooja/mtype925.a(rpl-dag.o)
                                        0x714 (size before relaxing)
 .eh_frame      0x000000000002d3b8      0x22c obj_cooja/mtype925.a(rpl-timers.o)
                                        0x244 (size before relaxing)
 .eh_frame      0x000000000002d5e4       0xc0 obj_cooja/mtype925.a(rpl-ext-header.)
                                         0xd8 (size before relaxing)
 .eh_frame      0x000000000002d6a4      0x140 obj_cooja/mtype925.a(rpl.o)
                                        0x158 (size before relaxing)
 .eh_frame      0x000000000002d7e4      0x124 obj_cooja/mtype925.a(rpl-mrhof.o)
                                        0x13c (size before relaxing)
 .eh_frame      0x000000000002d908      0x2ac obj_cooja/mtype925.a(rpl-icmp6.o)
                                        0x2c4 (size before relaxing)
 .eh_frame      0x000000000002dbb4      0x1a0 obj_cooja/mtype925.a(queuebuf.o)
                                        0x1b8 (size before relaxing)
 .eh_frame      0x000000000002dd54      0x2ac obj_cooja/mtype925.a(nbr-table.o)
                                        0x2c4 (size before relaxing)
 .eh_frame      0x000000000002e000      0x214 obj_cooja/mtype925.a(packetbuf.o)
                                        0x22c (size before relaxing)
 .eh_frame      0x000000000002e214       0x20 obj_cooja/mtype925.a(netstack.o)
                                         0x38 (size before relaxing)
 .eh_frame      0x000000000002e234       0x60 obj_cooja/mtype925.a(linkaddr.o)
                                         0x78 (size before relaxing)
 .eh_frame      0x000000000002e294      0x100 obj_cooja/mtype925.a(link-stats.o)
                                        0x118 (size before relaxing)
 .eh_frame      0x000000000002e394       0xc0 obj_cooja/mtype925.a(nullmac.o)
                                         0xd8 (size before relaxing)
 .eh_frame      0x000000000002e454      0x104 obj_cooja/mtype925.a(framer-802154.o)
                                        0x11c (size before relaxing)
 .eh_frame      0x000000000002e558      0x16c obj_cooja/mtype925.a(nullrdc.o)
                                        0x184 (size before relaxing)
 .eh_frame      0x000000000002e6c4       0x80 obj_cooja/mtype925.a(nullsec.o)
                                         0x98 (size before relaxing)
 .eh_frame      0x000000000002e744       0xa0 obj_cooja/mtype925.a(watchdog.o)
                                         0xb8 (size before relaxing)
 .eh_frame      0x000000000002e7e4       0xc4 obj_cooja/mtype925.a(stimer.o)
                                         0xdc (size before relaxing)
 .eh_frame      0x000000000002e8a8      0x160 obj_cooja/mtype925.a(uip-icmp6.o)
                                        0x178 (size before relaxing)
 .eh_frame      0x000000000002ea08       0xc0 obj_cooja/mtype925.a(rpl-nbr-policy.)
                                         0xd8 (size before relaxing)
 .eh_frame      0x000000000002eac8       0x88 obj_cooja/mtype925.a(mac-sequence.o)
                                         0xa0 (size before relaxing)
 .eh_frame      0x000000000002eb50      0x164 obj_cooja/mtype925.a(frame802154.o)
                                        0x17c (size before relaxing)
 .eh_frame      0x000000000002ecb4       0x20 obj_cooja/mtype925.a(mac.o)
                                         0x38 (size before relaxing)
 .eh_frame      0x000000000002ecd4        0x4 /usr/lib/gcc/i686-linux-gnu/5/crtendS.o
 *(.eh_frame.*)

.gcc_except_table
 *(.gcc_except_table .gcc_except_table.*)

.gnu_extab
 *(.gnu_extab*)

.exception_ranges
 *(.exception_ranges .exception_ranges*)
                0x000000000002ff10                . = DATA_SEGMENT_ALIGN (0x1000, 0x1000)

.eh_frame
 *(.eh_frame)
 *(.eh_frame.*)

.gnu_extab
 *(.gnu_extab)

.gcc_except_table
 *(.gcc_except_table .gcc_except_table.*)

.exception_ranges
 *(.exception_ranges .exception_ranges*)

.tdata
 *(.tdata .tdata.* .gnu.linkonce.td.*)

.tbss
 *(.tbss .tbss.* .gnu.linkonce.tb.*)
 *(.tcommon)

.preinit_array
 *(.preinit_array)

.init_array     0x000000000002ff10        0x4
 *(SORT(.init_array.*) SORT(.ctors.*))
 *(.init_array EXCLUDE_FILE(*crtend?.o *crtend.o *crtbegin?.o *crtbegin.o) .ctors)
 .init_array    0x000000000002ff10        0x4 /usr/lib/gcc/i686-linux-gnu/5/crtbeginS.o

.fini_array     0x000000000002ff14        0x4
 *(SORT(.fini_array.*) SORT(.dtors.*))
 *(.fini_array EXCLUDE_FILE(*crtend?.o *crtend.o *crtbegin?.o *crtbegin.o) .dtors)
 .fini_array    0x000000000002ff14        0x4 /usr/lib/gcc/i686-linux-gnu/5/crtbeginS.o

.ctors
 *crtbegin.o(.ctors)
 *crtbegin?.o(.ctors)
 *(EXCLUDE_FILE(*crtend?.o *crtend.o) .ctors)
 *(SORT(.ctors.*))
 *(.ctors)

.dtors
 *crtbegin.o(.dtors)
 *crtbegin?.o(.dtors)
 *(EXCLUDE_FILE(*crtend?.o *crtend.o) .dtors)
 *(SORT(.dtors.*))
 *(.dtors)

.jcr            0x000000000002ff18        0x4
 *(.jcr)
 .jcr           0x000000000002ff18        0x0 /usr/lib/gcc/i686-linux-gnu/5/crtbeginS.o
 .jcr           0x000000000002ff18        0x4 /usr/lib/gcc/i686-linux-gnu/5/crtendS.o

.data.rel.ro
 *(.data.rel.ro.local* .gnu.linkonce.d.rel.ro.local.*)
 *(.data.rel.ro .data.rel.ro.* .gnu.linkonce.d.rel.ro.*)

.dynamic        0x000000000002ff1c       0xd0
 *(.dynamic)
 .dynamic       0x000000000002ff1c       0xd0 /usr/lib/gcc/i686-linux-gnu/5/../../../i386-linux-gnu/crti.o
                0x000000000002ff1c                _DYNAMIC

.got            0x000000000002ffec       0x14
 *(.got)
 .got           0x000000000002ffec       0x14 /usr/lib/gcc/i686-linux-gnu/5/../../../i386-linux-gnu/crti.o
 *(.igot)
                0x0000000000030ff4                . = DATA_SEGMENT_RELRO_END (., (SIZEOF (.got.plt) >= 0xc)?0xc:0x0)

.got.plt        0x0000000000030000        0xc
 *(.got.plt)
 .got.plt       0x0000000000030000        0xc /usr/lib/gcc/i686-linux-gnu/5/../../../i386-linux-gnu/crti.o
                0x0000000000030000                _GLOBAL_OFFSET_TABLE_
 *(.igot.plt)

.data           0x0000000000030020      0x4ba
 *(.data .data.* .gnu.linkonce.d.*)
 .data          0x0000000000030020        0x0 /usr/lib/gcc/i686-linux-gnu/5/../../../i386-linux-gnu/crti.o
 .data          0x0000000000030020        0x0 /usr/lib/gcc/i686-linux-gnu/5/crtbeginS.o
 .data.rel.local
                0x0000000000030020        0x4 /usr/lib/gcc/i686-linux-gnu/5/crtbeginS.o
                0x0000000000030020                __dso_handle
 .data          0x0000000000030024       0x1c actuator.co
                0x0000000000030024                client
 .data          0x0000000000030040       0x44 obj_cooja/mtype925.o
                0x0000000000030040                simInterfaces
                0x0000000000030074                sensors
 *fill*         0x0000000000030084       0x1c 
 .data          0x00000000000300a0       0x24 obj_cooja/res-event.o
                0x00000000000300a0                res_event
 *fill*         0x00000000000300c4       0x1c 
 .data          0x00000000000300e0       0x44 obj_cooja/res-push.o
                0x00000000000300e0                periodic_res_push
                0x0000000000030100                res_push
 .data          0x0000000000030124        0x0 obj_cooja/res-battery.o
 .data          0x0000000000030124        0x0 obj_cooja/res-temperature.o
 .data          0x0000000000030124        0x0 obj_cooja/res-leds.o
 *fill*         0x0000000000030124       0x1c 
 .data          0x0000000000030140       0x24 obj_cooja/res-hello.o
                0x0000000000030140                res_hello
 .data          0x0000000000030164        0x0 obj_cooja/res-radio.o
 .data          0x0000000000030164        0x0 obj_cooja/res-sht11.o
 *fill*         0x0000000000030164       0x1c 
 .data          0x0000000000030180       0x24 obj_cooja/res-separate.o
                0x0000000000030180                res_separate
 *fill*         0x00000000000301a4       0x1c 
 .data          0x00000000000301c0       0x24 obj_cooja/res-sub.o
                0x00000000000301c0                res_sub
 *fill*         0x00000000000301e4       0x1c 
 .data          0x0000000000030200       0x24 obj_cooja/res-chunks.o
                0x0000000000030200                res_chunks
 *fill*         0x0000000000030224       0x1c 
 .data          0x0000000000030240       0x2d obj_cooja/res-mirror.o
                0x0000000000030240                res_mirror
 .data          0x000000000003026d        0x0 obj_cooja/res-light.o
 .data          0x000000000003026d        0x0 obj_cooja/res-toggle.o
 *fill*         0x000000000003026d       0x13 
 .data          0x0000000000030280       0x24 obj_cooja/res-b1-sep-b2.o
                0x0000000000030280                res_b1_sep_b2
 .data          0x00000000000302a4        0x4 obj_cooja/mtype925.a(er-coap.o)
                0x00000000000302a4                coap_error_message
 .data          0x00000000000302a8       0x10 obj_cooja/mtype925.a(er-coap-engine.)
                0x00000000000302a8                coap_engine
 .data          0x00000000000302b8       0x10 obj_cooja/mtype925.a(er-coap-transac)
 .data          0x00000000000302c8       0x10 obj_cooja/mtype925.a(er-coap-observe)
 .data          0x00000000000302d8        0x0 obj_cooja/mtype925.a(er-coap-separat)
 *fill*         0x00000000000302d8        0x8 
 .data          0x00000000000302e0       0x24 obj_cooja/mtype925.a(er-coap-res-wel)
                0x00000000000302e0                res_well_known_core
 .data          0x0000000000030304        0x0 obj_cooja/mtype925.a(er-coap-block1.)
 .data          0x0000000000030304       0x10 obj_cooja/mtype925.a(er-coap-observe)
 .data          0x0000000000030314       0x18 obj_cooja/mtype925.a(rest-engine.o)
                0x0000000000030314                rest_engine_process
 .data          0x000000000003032c        0x0 obj_cooja/mtype925.a(simEnvChange.o)
 .data          0x000000000003032c        0x0 obj_cooja/mtype925.a(cooja_mt.o)
 .data          0x000000000003032c        0x0 obj_cooja/mtype925.a(cooja_mtarch.o)
 .data          0x000000000003032c        0x0 obj_cooja/mtype925.a(rtimer-arch.o)
 .data          0x000000000003032c        0x0 obj_cooja/mtype925.a(beep.o)
 .data          0x000000000003032c        0x0 obj_cooja/mtype925.a(button-sensor.o)
 .data          0x000000000003032c        0x0 obj_cooja/mtype925.a(leds-arch.o)
 .data          0x000000000003032c        0x0 obj_cooja/mtype925.a(moteid.o)
 .data          0x000000000003032c        0x0 obj_cooja/mtype925.a(pir-sensor.o)
 .data          0x000000000003032c        0x0 obj_cooja/mtype925.a(rs232.o)
 .data          0x000000000003032c        0x0 obj_cooja/mtype925.a(vib-sensor.o)
 .data          0x000000000003032c        0x0 obj_cooja/mtype925.a(clock.o)
 .data          0x000000000003032c        0x0 obj_cooja/mtype925.a(log.o)
 .data          0x000000000003032c        0x0 obj_cooja/mtype925.a(cfs-cooja.o)
 .data          0x000000000003032c       0x28 obj_cooja/mtype925.a(cooja-radio.o)
                0x000000000003032c                simRadioHWOn
                0x0000000000030330                simSignalStrength
                0x0000000000030334                simLastSignalStrength
                0x0000000000030338                simPower
                0x000000000003033c                simRadioChannel
                0x0000000000030340                simLQI
                0x0000000000030344                cooja_radio_process
 .data          0x0000000000030354        0x0 obj_cooja/mtype925.a(eeprom.o)
 .data          0x0000000000030354        0x0 obj_cooja/mtype925.a(random.o)
 .data          0x0000000000030354       0x10 obj_cooja/mtype925.a(sensors.o)
                0x0000000000030354                sensors_process
 .data          0x0000000000030364        0x0 obj_cooja/mtype925.a(autostart.o)
 .data          0x0000000000030364       0x14 obj_cooja/mtype925.a(ctimer.o)
                0x0000000000030368                ctimer_process
 .data          0x0000000000030378       0x10 obj_cooja/mtype925.a(etimer.o)
                0x0000000000030378                etimer_process
 .data          0x0000000000030388        0x0 obj_cooja/mtype925.a(process.o)
 .data          0x0000000000030388        0x0 obj_cooja/mtype925.a(rtimer.o)
 .data          0x0000000000030388        0x0 obj_cooja/mtype925.a(timer.o)
 .data          0x0000000000030388       0x10 obj_cooja/mtype925.a(serial-line.o)
                0x0000000000030388                serial_line_process
 .data          0x0000000000030398        0x0 obj_cooja/mtype925.a(ringbuf.o)
 .data          0x0000000000030398        0x0 obj_cooja/mtype925.a(list.o)
 .data          0x0000000000030398        0x0 obj_cooja/mtype925.a(memb.o)
 .data          0x0000000000030398        0x0 obj_cooja/mtype925.a(uip-ds6.o)
 .data          0x0000000000030398       0x44 obj_cooja/mtype925.a(uip-ds6-route.o)
                0x00000000000303a8                nbr_routes
 .data          0x00000000000303dc        0x0 obj_cooja/mtype925.a(uip6.o)
 .data          0x00000000000303dc       0x14 obj_cooja/mtype925.a(uip-ds6-nbr.o)
                0x00000000000303ec                ds6_neighbors
 .data          0x00000000000303f0        0x0 obj_cooja/mtype925.a(uip-nd6.o)
 .data          0x00000000000303f0        0x0 obj_cooja/mtype925.a(sicslowpan.o)
 .data          0x00000000000303f0        0xc obj_cooja/mtype925.a(uip-packetqueue)
 .data          0x00000000000303fc        0x0 obj_cooja/mtype925.a(uip-debug.o)
 .data          0x00000000000303fc        0x0 obj_cooja/mtype925.a(uip-udp-packet.)
 .data          0x00000000000303fc       0x10 obj_cooja/mtype925.a(tcpip.o)
                0x00000000000303fc                tcpip_process
 .data          0x000000000003040c       0x14 obj_cooja/mtype925.a(rpl-dag.o)
                0x000000000003041c                rpl_parents
 .data          0x0000000000030420        0x0 obj_cooja/mtype925.a(rpl-timers.o)
 .data          0x0000000000030420        0x0 obj_cooja/mtype925.a(rpl-ext-header.)
 .data          0x0000000000030420        0x0 obj_cooja/mtype925.a(rpl.o)
 .data          0x0000000000030420       0x24 obj_cooja/mtype925.a(rpl-mrhof.o)
                0x0000000000030420                rpl_mrhof
 .data          0x0000000000030444       0x34 obj_cooja/mtype925.a(rpl-icmp6.o)
 .data          0x0000000000030478       0x18 obj_cooja/mtype925.a(queuebuf.o)
 .data          0x0000000000030490       0x10 obj_cooja/mtype925.a(nbr-table.o)
 .data          0x00000000000304a0        0x4 obj_cooja/mtype925.a(packetbuf.o)
 .data          0x00000000000304a4        0x0 obj_cooja/mtype925.a(netstack.o)
 .data          0x00000000000304a4        0x0 obj_cooja/mtype925.a(linkaddr.o)
 .data          0x00000000000304a4       0x14 obj_cooja/mtype925.a(link-stats.o)
 .data          0x00000000000304b8        0x0 obj_cooja/mtype925.a(nullmac.o)
 .data          0x00000000000304b8        0x0 obj_cooja/mtype925.a(framer-802154.o)
 .data          0x00000000000304b8        0x0 obj_cooja/mtype925.a(nullrdc.o)
 .data          0x00000000000304b8        0x0 obj_cooja/mtype925.a(nullsec.o)
 .data          0x00000000000304b8        0x0 obj_cooja/mtype925.a(watchdog.o)
 .data          0x00000000000304b8        0x0 obj_cooja/mtype925.a(rimestats.o)
 .data          0x00000000000304b8        0x0 obj_cooja/mtype925.a(stimer.o)
 .data          0x00000000000304b8       0x20 obj_cooja/mtype925.a(uip-icmp6.o)
 .data          0x00000000000304d8        0x0 obj_cooja/mtype925.a(rpl-nbr-policy.)
 .data          0x00000000000304d8        0x0 obj_cooja/mtype925.a(mac-sequence.o)
 .data          0x00000000000304d8        0x2 obj_cooja/mtype925.a(frame802154.o)
 .data          0x00000000000304da        0x0 obj_cooja/mtype925.a(mac.o)
 .data          0x00000000000304da        0x0 /usr/lib/gcc/i686-linux-gnu/5/crtendS.o
 .data          0x00000000000304da        0x0 /usr/lib/gcc/i686-linux-gnu/5/../../../i386-linux-gnu/crtn.o

.tm_clone_table
                0x00000000000304dc        0x0
 .tm_clone_table
                0x00000000000304dc        0x0 /usr/lib/gcc/i686-linux-gnu/5/crtbeginS.o
 .tm_clone_table
                0x00000000000304dc        0x0 /usr/lib/gcc/i686-linux-gnu/5/crtendS.o

.data1
 *(.data1)
                0x00000000000304dc                _edata = .
                [!provide]                        PROVIDE (edata, .)
                0x00000000000304dc                . = .
                0x00000000000304dc                __bss_start = .

.bss            0x00000000000304e0    0x10c88
 *(.dynbss)
 .dynbss        0x00000000000304e0        0x0 /usr/lib/gcc/i686-linux-gnu/5/../../../i386-linux-gnu/crti.o
 *(.bss .bss.* .gnu.linkonce.b.*)
 .bss           0x00000000000304e0        0x0 /usr/lib/gcc/i686-linux-gnu/5/../../../i386-linux-gnu/crti.o
 .bss           0x00000000000304e0        0x1 /usr/lib/gcc/i686-linux-gnu/5/crtbeginS.o
 *fill*         0x00000000000304e1       0x1f 
 .bss           0x0000000000030500      0x130 actuator.co
 *fill*         0x0000000000030630       0x10 
 .bss           0x0000000000030640     0x2030 obj_cooja/mtype925.o
 .bss           0x0000000000032670        0x4 obj_cooja/res-event.o
 .bss           0x0000000000032674        0x4 obj_cooja/res-push.o
 .bss           0x0000000000032678        0x0 obj_cooja/res-battery.o
 .bss           0x0000000000032678        0x0 obj_cooja/res-temperature.o
 .bss           0x0000000000032678        0x0 obj_cooja/res-leds.o
 .bss           0x0000000000032678        0x0 obj_cooja/res-hello.o
 .bss           0x0000000000032678        0x0 obj_cooja/res-radio.o
 .bss           0x0000000000032678        0x0 obj_cooja/res-sht11.o
 *fill*         0x0000000000032678        0x8 
 .bss           0x0000000000032680       0xa8 obj_cooja/res-separate.o
 .bss           0x0000000000032728        0x0 obj_cooja/res-sub.o
 .bss           0x0000000000032728        0x0 obj_cooja/res-chunks.o
 .bss           0x0000000000032728        0x0 obj_cooja/res-mirror.o
 .bss           0x0000000000032728        0x0 obj_cooja/res-light.o
 .bss           0x0000000000032728        0x0 obj_cooja/res-toggle.o
 *fill*         0x0000000000032728       0x18 
 .bss           0x0000000000032740      0x154 obj_cooja/res-b1-sep-b2.o
 .bss           0x0000000000032894        0xa obj_cooja/mtype925.a(er-coap.o)
                0x0000000000032894                erbium_status_code
 *fill*         0x000000000003289e        0x2 
 .bss           0x00000000000328a0      0x191 obj_cooja/mtype925.a(er-coap-engine.)
 *fill*         0x0000000000032a31        0xf 
 .bss           0x0000000000032a40      0x2c8 obj_cooja/mtype925.a(er-coap-transac)
 *fill*         0x0000000000032d08       0x18 
 .bss           0x0000000000032d20      0x114 obj_cooja/mtype925.a(er-coap-observe)
 .bss           0x0000000000032e34        0x0 obj_cooja/mtype925.a(er-coap-separat)
 .bss           0x0000000000032e34        0x0 obj_cooja/mtype925.a(er-coap-res-wel)
 .bss           0x0000000000032e34        0x0 obj_cooja/mtype925.a(er-coap-block1.)
 *fill*         0x0000000000032e34        0xc 
 .bss           0x0000000000032e40      0x1a9 obj_cooja/mtype925.a(er-coap-observe)
 *fill*         0x0000000000032fe9        0x3 
 .bss           0x0000000000032fec        0x9 obj_cooja/mtype925.a(rest-engine.o)
 .bss           0x0000000000032ff5        0x1 obj_cooja/mtype925.a(simEnvChange.o)
                0x0000000000032ff5                simDontFallAsleep
 *fill*         0x0000000000032ff6        0x2 
 .bss           0x0000000000032ff8        0x4 obj_cooja/mtype925.a(cooja_mt.o)
 .bss           0x0000000000032ffc        0x4 obj_cooja/mtype925.a(cooja_mtarch.o)
 .bss           0x0000000000033000        0xc obj_cooja/mtype925.a(rtimer-arch.o)
 .bss           0x000000000003300c        0x0 obj_cooja/mtype925.a(beep.o)
 .bss           0x000000000003300c        0x8 obj_cooja/mtype925.a(button-sensor.o)
 .bss           0x0000000000033014        0x0 obj_cooja/mtype925.a(leds-arch.o)
 .bss           0x0000000000033014        0x0 obj_cooja/mtype925.a(moteid.o)
 .bss           0x0000000000033014        0x1 obj_cooja/mtype925.a(pir-sensor.o)
                0x0000000000033014                simPirValue
 *fill*         0x0000000000033015        0x3 
 .bss           0x0000000000033018        0x4 obj_cooja/mtype925.a(rs232.o)
 .bss           0x000000000003301c        0x1 obj_cooja/mtype925.a(vib-sensor.o)
                0x000000000003301c                simVibValue
 .bss           0x000000000003301d        0x0 obj_cooja/mtype925.a(clock.o)
 *fill*         0x000000000003301d        0x3 
 .bss           0x0000000000033020      0x420 obj_cooja/mtype925.a(log.o)
 .bss           0x0000000000033440      0xfc0 obj_cooja/mtype925.a(cfs-cooja.o)
                0x0000000000033440                simCFSData
                0x00000000000343e0                simCFSSize
                0x00000000000343e4                simCFSChanged
                0x00000000000343e8                simCFSRead
                0x00000000000343ec                simCFSWritten
 .bss           0x0000000000034400       0x10 obj_cooja/mtype925.a(cooja-radio.o)
                0x0000000000034400                simReceiving
                0x0000000000034404                simInSize
                0x0000000000034408                simOutSize
 .bss           0x0000000000034410        0xc obj_cooja/mtype925.a(eeprom.o)
                0x0000000000034410                simEEPROMChanged
                0x0000000000034414                simEEPROMRead
                0x0000000000034418                simEEPROMWritten
 .bss           0x000000000003441c        0x0 obj_cooja/mtype925.a(random.o)
 .bss           0x000000000003441c        0xc obj_cooja/mtype925.a(sensors.o)
 .bss           0x0000000000034428        0x0 obj_cooja/mtype925.a(autostart.o)
 .bss           0x0000000000034428        0x5 obj_cooja/mtype925.a(ctimer.o)
 *fill*         0x000000000003442d        0x3 
 .bss           0x0000000000034430        0x8 obj_cooja/mtype925.a(etimer.o)
 *fill*         0x0000000000034438        0x8 
 .bss           0x0000000000034440      0x1a1 obj_cooja/mtype925.a(process.o)
                0x0000000000034440                process_list
                0x0000000000034444                process_current
 *fill*         0x00000000000345e1        0x3 
 .bss           0x00000000000345e4        0x4 obj_cooja/mtype925.a(rtimer.o)
 .bss           0x00000000000345e8        0x0 obj_cooja/mtype925.a(timer.o)
 *fill*         0x00000000000345e8       0x18 
 .bss           0x0000000000034600      0x140 obj_cooja/mtype925.a(serial-line.o)
 .bss           0x0000000000034740        0x0 obj_cooja/mtype925.a(ringbuf.o)
 .bss           0x0000000000034740        0x0 obj_cooja/mtype925.a(list.o)
 .bss           0x0000000000034740        0x0 obj_cooja/mtype925.a(memb.o)
 .bss           0x0000000000034740       0x20 obj_cooja/mtype925.a(uip-ds6.o)
 .bss           0x0000000000034760     0x44a4 obj_cooja/mtype925.a(uip-ds6-route.o)
 .bss           0x0000000000038c04        0x6 obj_cooja/mtype925.a(uip6.o)
                0x0000000000038c04                uip_ext_bitmap
                0x0000000000038c05                uip_ext_len
                0x0000000000038c06                uip_ext_opt_offset
 *fill*         0x0000000000038c0a       0x16 
 .bss           0x0000000000038c20     0x1c20 obj_cooja/mtype925.a(uip-ds6-nbr.o)
 .bss           0x000000000003a840        0x0 obj_cooja/mtype925.a(uip-nd6.o)
 .bss           0x000000000003a840      0x70c obj_cooja/mtype925.a(sicslowpan.o)
 *fill*         0x000000000003af4c       0x14 
 .bss           0x000000000003af60      0xcf8 obj_cooja/mtype925.a(uip-packetqueue)
 .bss           0x000000000003bc58        0x0 obj_cooja/mtype925.a(uip-debug.o)
 .bss           0x000000000003bc58        0x0 obj_cooja/mtype925.a(uip-udp-packet.)
 .bss           0x000000000003bc58       0x16 obj_cooja/mtype925.a(tcpip.o)
 *fill*         0x000000000003bc6e       0x12 
 .bss           0x000000000003bc80      0x960 obj_cooja/mtype925.a(rpl-dag.o)
 .bss           0x000000000003c5e0       0x23 obj_cooja/mtype925.a(rpl-timers.o)
 .bss           0x000000000003c603        0x0 obj_cooja/mtype925.a(rpl-ext-header.)
 *fill*         0x000000000003c603        0x1 
 .bss           0x000000000003c604        0x4 obj_cooja/mtype925.a(rpl.o)
 .bss           0x000000000003c608        0x0 obj_cooja/mtype925.a(rpl-mrhof.o)
 .bss           0x000000000003c608        0x0 obj_cooja/mtype925.a(rpl-icmp6.o)
 *fill*         0x000000000003c608       0x18 
 .bss           0x000000000003c620      0xb80 obj_cooja/mtype925.a(queuebuf.o)
 .bss           0x000000000003d1a0     0x1214 obj_cooja/mtype925.a(nbr-table.o)
 *fill*         0x000000000003e3b4        0xc 
 .bss           0x000000000003e3c0       0xa0 obj_cooja/mtype925.a(packetbuf.o)
 .bss           0x000000000003e460        0x0 obj_cooja/mtype925.a(netstack.o)
 .bss           0x000000000003e460        0x0 obj_cooja/mtype925.a(linkaddr.o)
 .bss           0x000000000003e460      0xe10 obj_cooja/mtype925.a(link-stats.o)
 .bss           0x000000000003f270        0x0 obj_cooja/mtype925.a(nullmac.o)
 .bss           0x000000000003f270        0x2 obj_cooja/mtype925.a(framer-802154.o)
 .bss           0x000000000003f272        0x0 obj_cooja/mtype925.a(nullrdc.o)
 .bss           0x000000000003f272        0x0 obj_cooja/mtype925.a(nullsec.o)
 .bss           0x000000000003f272        0x0 obj_cooja/mtype925.a(watchdog.o)
 .bss           0x000000000003f272        0x0 obj_cooja/mtype925.a(rimestats.o)
 .bss           0x000000000003f272        0x0 obj_cooja/mtype925.a(stimer.o)
 *fill*         0x000000000003f272        0x2 
 .bss           0x000000000003f274       0x18 obj_cooja/mtype925.a(uip-icmp6.o)
 *fill*         0x000000000003f28c       0x14 
 .bss           0x000000000003f2a0       0x44 obj_cooja/mtype925.a(rpl-nbr-policy.)
 *fill*         0x000000000003f2e4       0x1c 
 .bss           0x000000000003f300      0x100 obj_cooja/mtype925.a(mac-sequence.o)
 .bss           0x000000000003f400        0x0 obj_cooja/mtype925.a(frame802154.o)
 .bss           0x000000000003f400        0x0 obj_cooja/mtype925.a(mac.o)
 .bss           0x000000000003f400        0x0 /usr/lib/gcc/i686-linux-gnu/5/crtendS.o
 .bss           0x000000000003f400        0x0 /usr/lib/gcc/i686-linux-gnu/5/../../../i386-linux-gnu/crtn.o
 *(COMMON)
 COMMON         0x000000000003f400        0x8 obj_cooja/mtype925.o
                0x000000000003f400                referenceVar
                0x000000000003f404                sensors_flags
 COMMON         0x000000000003f408        0xc obj_cooja/mtype925.a(simEnvChange.o)
                0x000000000003f408                simEtimerPending
                0x000000000003f40c                simProcessRunValue
                0x000000000003f410                simNextExpirationTime
 COMMON         0x000000000003f414        0x1 obj_cooja/mtype925.a(beep.o)
                0x000000000003f414                simBeeped
 COMMON         0x000000000003f415        0x3 obj_cooja/mtype925.a(button-sensor.o)
                0x000000000003f415                simButtonIsActive
                0x000000000003f416                simButtonIsDown
                0x000000000003f417                simButtonChanged
 COMMON         0x000000000003f418        0x1 obj_cooja/mtype925.a(leds-arch.o)
                0x000000000003f418                simLedsValue
 *fill*         0x000000000003f419        0x3 
 COMMON         0x000000000003f41c        0xc obj_cooja/mtype925.a(moteid.o)
                0x000000000003f41c                simRandomSeed
                0x000000000003f420                simMoteIDChanged
                0x000000000003f424                simMoteID
 COMMON         0x000000000003f428        0x2 obj_cooja/mtype925.a(pir-sensor.o)
                0x000000000003f428                simPirIsActive
                0x000000000003f429                simPirChanged
 *fill*         0x000000000003f42a       0x16 
 COMMON         0x000000000003f440      0x820 obj_cooja/mtype925.a(rs232.o)
                0x000000000003f440                simSerialReceivingFlag
                0x000000000003f444                simSerialReceivingLength
                0x000000000003f460                simSerialReceivingData
 COMMON         0x000000000003fc60        0x2 obj_cooja/mtype925.a(vib-sensor.o)
                0x000000000003fc60                simVibChanged
                0x000000000003fc61                simVibIsActive
 *fill*         0x000000000003fc62        0x2 
 COMMON         0x000000000003fc64        0x4 obj_cooja/mtype925.a(clock.o)
                0x000000000003fc64                simCurrentTime
 *fill*         0x000000000003fc68       0x18 
 COMMON         0x000000000003fc80      0x420 obj_cooja/mtype925.a(log.o)
                0x000000000003fc80                simLoggedLength
                0x000000000003fc84                simLoggedFlag
                0x000000000003fca0                simLoggedData
 COMMON         0x00000000000400a0      0x100 obj_cooja/mtype925.a(cooja-radio.o)
                0x00000000000400a0                simOutDataBuffer
                0x0000000000040120                simInDataBuffer
 COMMON         0x00000000000401a0      0x400 obj_cooja/mtype925.a(eeprom.o)
                0x00000000000401a0                simEEPROMData
 COMMON         0x00000000000405a0        0x1 obj_cooja/mtype925.a(sensors.o)
                0x00000000000405a0                sensors_event
 COMMON         0x00000000000405a1        0x1 obj_cooja/mtype925.a(serial-line.o)
                0x00000000000405a1                serial_line_event_message
 *fill*         0x00000000000405a2       0x1e 
 COMMON         0x00000000000405c0      0x181 obj_cooja/mtype925.a(uip-ds6.o)
                0x00000000000405c0                uip_ds6_prefix_list
                0x0000000000040620                uip_ds6_timer_periodic
                0x0000000000040630                uip_ds6_netif_addr_list_offset
                0x0000000000040640                uip_ds6_if
                0x0000000000040738                uip_ds6_timer_ra
                0x0000000000040740                uip_ds6_addr_size
 *fill*         0x0000000000040741       0x1f 
 COMMON         0x0000000000040760      0x80c obj_cooja/mtype925.a(uip6.o)
                0x0000000000040760                uip_slen
                0x0000000000040764                uip_lladdr
                0x000000000004076c                uip_appdata
                0x0000000000040770                uip_flags
                0x0000000000040780                uip_aligned_buf
                0x0000000000040dc0                uip_len
                0x0000000000040dc4                uip_sappdata
                0x0000000000040de0                uip_udp_conns
                0x0000000000040f60                uip_udp_conn
                0x0000000000040f64                uip_next_hdr
                0x0000000000040f68                uip_conn
 COMMON         0x0000000000040f6c        0x1 obj_cooja/mtype925.a(tcpip.o)
                0x0000000000040f6c                tcpip_event
 *fill*         0x0000000000040f6d       0x13 
 COMMON         0x0000000000040f80      0x134 obj_cooja/mtype925.a(rpl-dag.o)
                0x0000000000040f80                default_instance
                0x0000000000040fa0                instance_table
 COMMON         0x00000000000410b4       0x30 obj_cooja/mtype925.a(packetbuf.o)
                0x00000000000410b4                packetbuf_attrs
                0x00000000000410d4                packetbuf_addrs
 COMMON         0x00000000000410e4        0x8 obj_cooja/mtype925.a(linkaddr.o)
                0x00000000000410e4                linkaddr_node_addr
 *fill*         0x00000000000410ec       0x14 
 COMMON         0x0000000000041100       0x20 obj_cooja/mtype925.a(link-stats.o)
                0x0000000000041100                periodic_timer
 COMMON         0x0000000000041120       0x48 obj_cooja/mtype925.a(rimestats.o)
                0x0000000000041120                rimestats
                0x0000000000041168                . = ALIGN ((. != 0x0)?0x4:0x1)
                0x0000000000041168                . = ALIGN (0x4)
                0x0000000000041168                . = SEGMENT_START ("ldata-segment", .)
                0x0000000000041168                . = ALIGN (0x4)
                0x0000000000041168                _end = .
                [!provide]                        PROVIDE (end, .)
                0x0000000000041168                . = DATA_SEGMENT_END (.)

.stab
 *(.stab)

.stabstr
 *(.stabstr)

.stab.excl
 *(.stab.excl)

.stab.exclstr
 *(.stab.exclstr)

.stab.index
 *(.stab.index)

.stab.indexstr
 *(.stab.indexstr)

.comment        0x0000000000000000       0x35
 *(.comment)
 .comment       0x0000000000000000       0x35 /usr/lib/gcc/i686-linux-gnu/5/crtbeginS.o
                                         0x36 (size before relaxing)
 .comment       0x0000000000000035       0x36 actuator.co
 .comment       0x0000000000000035       0x36 obj_cooja/mtype925.o
 .comment       0x0000000000000035       0x36 obj_cooja/res-event.o
 .comment       0x0000000000000035       0x36 obj_cooja/res-push.o
 .comment       0x0000000000000035       0x36 obj_cooja/res-battery.o
 .comment       0x0000000000000035       0x36 obj_cooja/res-temperature.o
 .comment       0x0000000000000035       0x36 obj_cooja/res-leds.o
 .comment       0x0000000000000035       0x36 obj_cooja/res-hello.o
 .comment       0x0000000000000035       0x36 obj_cooja/res-radio.o
 .comment       0x0000000000000035       0x36 obj_cooja/res-sht11.o
 .comment       0x0000000000000035       0x36 obj_cooja/res-separate.o
 .comment       0x0000000000000035       0x36 obj_cooja/res-sub.o
 .comment       0x0000000000000035       0x36 obj_cooja/res-chunks.o
 .comment       0x0000000000000035       0x36 obj_cooja/res-mirror.o
 .comment       0x0000000000000035       0x36 obj_cooja/res-light.o
 .comment       0x0000000000000035       0x36 obj_cooja/res-toggle.o
 .comment       0x0000000000000035       0x36 obj_cooja/res-b1-sep-b2.o
 .comment       0x0000000000000035       0x36 obj_cooja/mtype925.a(er-coap.o)
 .comment       0x0000000000000035       0x36 obj_cooja/mtype925.a(er-coap-engine.)
 .comment       0x0000000000000035       0x36 obj_cooja/mtype925.a(er-coap-transac)
 .comment       0x0000000000000035       0x36 obj_cooja/mtype925.a(er-coap-observe)
 .comment       0x0000000000000035       0x36 obj_cooja/mtype925.a(er-coap-separat)
 .comment       0x0000000000000035       0x36 obj_cooja/mtype925.a(er-coap-res-wel)